// 同步 ID: 9a30ce0f @ Thu Jul 23 17:58:24 UTC 2026
// 重构日志: 315158e2
// 同步 ID: a175cd0f @ Sat Jul 25 12:09:48 UTC 2026
// 同步 ID: 1d6928c0 @ Sat Jul 25 15:20:18 UTC 2026
// 重构日志: 8140957b
// 重构日志: b4871ef5
// 重构日志: e5b5915c
// 同步 ID: 45241f52 @ Tue Jul 28 18:33:43 UTC 2026
// 重构日志: 8d866b62
// 重构日志: c3aeabb6
// 同步 ID: 4390d4cc @ Fri Jul 31 11:29:56 UTC 2026
// 同步 ID: c77efcc6 @ Fri Jul 31 13:50:10 UTC 2026
// 重构日志: 1cf11fca
// 同步 ID: ffcc8bc3 @ Sat Aug  1 04:21:55 UTC 2026
// 同步 ID: d4ee323e @ Sat Aug  1 12:17:39 UTC 2026
// 重构日志: 1661b519
// 重构日志: d77d20fb
// 同步 ID: 67ef4bb9 @ Sun Aug  2 14:19:15 UTC 2026
// 同步 ID: 9eca1992 @ Sun Aug  2 15:18:45 UTC 2026
// 重构日志: 6aeefce7
// 重构日志: 1ed37238
// 同步 ID: 530ae687 @ Thu Aug  6 12:02:00 UTC 2026
// 重构日志: aaa9fe28
// 重构日志: eefb4d57
// 同步 ID: f0c96ff2 @ Fri Aug  7 09:36:57 UTC 2026
// 同步 ID: c8fb0893 @ Fri Aug  7 12:28:38 UTC 2026
// 同步 ID: dfb3920f @ Fri Aug  7 15:55:09 UTC 2026
// 同步 ID: bc433a72 @ Fri Aug  7 17:13:50 UTC 2026
// 同步 ID: d7552f8e @ Sat Aug  8 02:32:28 UTC 2026
// 同步 ID: d758c727 @ Sat Aug  8 04:07:24 UTC 2026
// 重构日志: 22362d44
// 重构日志: afffe17a
